// Jest Snapshot v1, https://goo.gl/fbAQLP

exports[`Index components should render index 1`] = `
<_default>
  <b
    description="heading"
    title="Blog"
  />
  <InstantSearch
    createURL={[Function]}
    indexName="algolia-index-name"
    onSearchStateChange={[Function]}
    refresh={false}
    resultsState={null}
    searchClient={
      Object {
        "search": [MockFunction],
      }
    }
    searchState={Object {}}
    stalledSearchDelay={200}
  >
    <ConnectorWrapper
      clickAnalytics={true}
      hitsPerPage="9"
    />
    <ConnectorWrapper
      scrollOn="page"
    />
    <ConnectorWrapper
      scrollOn="menu"
    />
    <HeroBanner
      heading="heading"
    >
      <HeaderSearchBox
        placeholderText=""
      />
      <HeaderFacetBar />
    </HeroBanner>
    <Unknown />
    <SearchResultPagination />
  </InstantSearch>
  <JSXStyle
    id="2750196598"
  >
    footer{margin-top:120px;}
  </JSXStyle>
</_default>
`;
