// Jest Snapshot v1, https://goo.gl/fbAQLP

exports[`CookieBanner renders cookie consent banner 1`] = `
<div
  className="CookieConsent"
  style={
    Object {
      "alignItems": "center",
      "background": "rgba(255, 255, 255, 0.9)",
      "bottom": "0",
      "boxShadow": "20px 20px 20px 10px #000",
      "color": "#333",
      "flexDirection": "column",
      "position": "fixed",
      "textAlign": "center",
      "width": "100%",
      "zIndex": 1,
    }
  }
>
  <div
    className="cookie-banner-content"
    style={
      Object {
        "padding": "20px 0px 10px",
      }
    }
  >
    We use cookies to give you the best possible experience on our website. By continuing to browse this site, you give consent for cookies to be used. For more details please read our
     
    <a
      href="https://amplience.com/privacy-cookie-policy/"
      rel="noreferrer"
      target="_blank"
    >
      CookieÂ Policy
    </a>
    .
  </div>
  <div
    className=""
  >
    <button
      className="cookie-banner-btn"
      id="rcc-confirm-button"
      onClick={[Function]}
      style={
        Object {
          "background": "#fff",
          "border": "3px solid #CCC",
          "borderRadius": "5px",
          "color": "#333",
          "marginBottom": "10px",
        }
      }
    >
      Accept Cookies
    </button>
  </div>
</div>
`;
